OneLogger: Setting error_handling_strategy to DISABLE_QUIETLY_AND_REPORT_METRIC_ERROR for rank (rank=0) with OneLogger disabled. To override: explicitly set error_handling_strategy parameter.
No exporters were provided. This means that no telemetry data will be collected.
[NeMo I 2026-09-23 19:22:03 mixins:77] _setup_tokenizer: detected an aggregate tokenizer
[NeMo I 2026-09-23 19:22:03 mixins:234] Tokenizer SentencePieceTokenizer initialized with 1152 tokens
[NeMo I 2026-09-23 19:22:03 mixins:234] Tokenizer SentencePieceTokenizer initialized with 6000 tokens
[NeMo I 2026-09-23 19:22:03 canary_tokenizer:46] Aggregate vocab size: 7152
[NeMo W 2026-09-23 19:22:03 aed_multitask_models:152] If you intend to do training or fine-tuning, please call the ModelPT.setup_training_data() method and provide a valid configuration file to setup the train data loader.
    Train config : 
    use_lhotse: true
    skip_missing_manifest_entries: true
    tarred_audio_filepaths: null
    manifest_filepath: null
    sample_rate: 16000
    shuffle: true
    is_tarred: true
    num_workers: 16
    batch_size: 16
    bucketing_strategy: synced_randomized
    concat_sampling_technique: temperature
    concat_sampling_temperature: 1.0
    defer_setup: true
    is_concat: true
    max_duration: 30
    min_duration: 0.025
    pin_memory: true
    shard_manifests: true
    shuffle_n: 2048
    text_field: text
    lang_field: target_lang
    
[NeMo W 2026-09-23 19:22:03 aed_multitask_models:152] If you intend to do validation, please call the ModelPT.setup_validation_data() or ModelPT.setup_multiple_validation_data() method and provide a valid configuration file to setup the validation data loader(s). 
    Validation config : 
    use_lhotse: true
    manifest_filepath: null
    sample_rate: 16000
    batch_size: 4
    shuffle: false
    num_workers: 4
    pin_memory: true
    use_start_end_token: true
    use_bucketing: false
    text_field: text
    lang_field: target_lang
    
Error getting class at nemo.collections.asr.modules.transformer.get_nemo_transformer: Located non-class of type 'function' while loading 'nemo.collections.asr.modules.transformer.get_nemo_transformer'
[NeMo I 2026-09-23 19:22:16 modelPT:489] Model EncDecMultiTaskModel was successfully restored from /home/vishesh/.cache/huggingface/hub/models--bodhan-ai--indic-transcribe-flex/snapshots/ecba9bac9013c0340fe814b336897ee51ed80be9/nemo/indic_transcribe_flex.nemo.
[NeMo W 2026-09-23 19:22:16 _contextlib:124] Chunking is disabled. Please pass a single audio file or set batch_size to 1
[NeMo W 2026-09-23 19:22:16 dataloader:343] The following configuration keys are ignored by Lhotse dataloader: trim_silence,enable_chunking
[NeMo W 2026-09-23 19:22:16 dataloader:349] You are using a non-tarred dataset and requested tokenization during data sampling (pretokenize=True). This will cause the tokenization to happen in the main (GPU) process,possibly impacting the training speed if your tokenizer is very large.If the impact is noticable, set pretokenize=False in dataloader config.(note: that will disable token-per-second filtering and 2D bucketing features)

Base model     WER: 0.180  (100 clips)
[NeMo I 2026-09-23 19:22:52 mixins:77] _setup_tokenizer: detected an aggregate tokenizer
[NeMo I 2026-09-23 19:22:52 mixins:234] Tokenizer SentencePieceTokenizer initialized with 1152 tokens
[NeMo I 2026-09-23 19:22:52 mixins:234] Tokenizer SentencePieceTokenizer initialized with 6000 tokens
[NeMo I 2026-09-23 19:22:52 canary_tokenizer:46] Aggregate vocab size: 7152
[NeMo W 2026-09-23 19:22:53 aed_multitask_models:152] If you intend to do training or fine-tuning, please call the ModelPT.setup_training_data() method and provide a valid configuration file to setup the train data loader.
    Train config : 
    use_lhotse: true
    manifest_filepath: /home/vishesh/github/assign/data/fleurs_mr/train_manifest.json
    sample_rate: 16000
    batch_size: 8
    shuffle: true
    num_workers: 4
    pin_memory: true
    max_duration: 30.0
    min_duration: 0.3
    
[NeMo W 2026-09-23 19:22:53 aed_multitask_models:152] If you intend to do validation, please call the ModelPT.setup_validation_data() or ModelPT.setup_multiple_validation_data() method and provide a valid configuration file to setup the validation data loader(s). 
    Validation config : 
    use_lhotse: true
    manifest_filepath: /home/vishesh/github/assign/data/fleurs_mr/val_manifest.json
    sample_rate: 16000
    batch_size: 8
    shuffle: false
    num_workers: 4
    pin_memory: true
    max_duration: 30.0
    min_duration: 0.3
    
Error getting class at nemo.collections.asr.modules.transformer.get_nemo_transformer: Located non-class of type 'function' while loading 'nemo.collections.asr.modules.transformer.get_nemo_transformer'
[NeMo I 2026-09-23 19:23:05 modelPT:489] Model EncDecMultiTaskModel was successfully restored from /home/vishesh/github/assign/outputs/indic_transcribe_mr.nemo.
[NeMo W 2026-09-23 19:23:05 _contextlib:124] Chunking is disabled. Please pass a single audio file or set batch_size to 1
[NeMo W 2026-09-23 19:23:05 dataloader:343] The following configuration keys are ignored by Lhotse dataloader: trim_silence,enable_chunking
[NeMo W 2026-09-23 19:23:05 dataloader:349] You are using a non-tarred dataset and requested tokenization during data sampling (pretokenize=True). This will cause the tokenization to happen in the main (GPU) process,possibly impacting the training speed if your tokenizer is very large.If the impact is noticable, set pretokenize=False in dataloader config.(note: that will disable token-per-second filtering and 2D bucketing features)

Fine-tuned     WER: 0.165

ref : एखादी संस्था नाविन्यपूर्ण होण्यापूर्वी त्यातील प्रमुखांनी नाविन्यतेची एक संस्कृती निर्माण केली पाहिजे तसेच ज्ञानाची देवाण-घेवाण आणि संस्थात्मक अध्ययन केले पाहिजे
base: एखादी स संस्था नाविन्यपूर्ण होण्यापूर्वी त्यातील प्रामुख्याने नाविन्यतेची एक संस्कृती निर्माण केली पाहिजे तसेच ज्ञानाची देवाणघेवाण आणि संस्थात्मक अध्ययन केले पाहिजे
ft  : एखादी संस्था नावीन्यपूर्ण होण्यापूर्वी त्यातील प्रामुख्याने नावीन्यतेची एक संस्कृती निर्माण केली पाहिजे तसेच ज्ञानाची देवाणघेवाण आणि संस्थात्मक अध्ययन केले पाहिजे

ref : तुम्ही अंधारामध्ये पिरॅमिड्स पाहू शकता आणि शो सुरू होण्यापूर्वी शांतपणे त्यांना न्याहाळू शकता
base: तुम्ही अंधारामध्ये पिरॅमिड्स पाहू शकतात आणि शो सुरू होण्यापूर्वी शांतपणे त्यांना न्याहाळू शकता
ft  : तुम्ही अंधारामध्ये पिरॅमिड्स पाहू शकतात आणि शो सुरू होण्यापूर्वी शांतपणे त्यांना न्याहाळू शकता

ref : वैज्ञानिक असा विचार करतात की ऑसेलोट प्राण्यांना खाण्यासाठी भक्ष्य म्हणून ते जमिनीवर कोठे आहेत हे पाहण्यासाठी त्यांचा पाठलाग आणि शोध त्यांच्या वास गंधाद्वारे करतात
base: वैज्ञानिक असा विचार करतात की ऑसेलोट प्राण्यांना खाण्यासाठी भक्ष्य म्हणून ते जमिनीवर कोठे आहेत हे पाहण्यासाठी त्यांचा पाठलाग आणि शोध त्यांच्या वासगंधाद्वारे करतात
ft  : वैज्ञानिक असा विचार करतात की ओसेलोट प्राण्यांना खाण्यासाठी भक्ष्य म्हणून ते जमिनीवर कोठे आहेत हे पाहण्यासाठी त्यांचा पाठलाग आणि शोध त्यांच्या वासगंधाद्वारे करतात
